Archive member included because of file (symbol)

c:/program files (x86)/codesourcery/sourcery g++ lite/bin/../lib/gcc/arm-none-eabi/4.3.2/thumb2\libgcc.a(_arm_addsubsf3.o)
                              ./release/timer_1234.o (__aeabi_i2f)
c:/program files (x86)/codesourcery/sourcery g++ lite/bin/../lib/gcc/arm-none-eabi/4.3.2/thumb2\libgcc.a(_arm_muldivsf3.o)
                              ./release/timer_1234.o (__aeabi_fmul)
c:/program files (x86)/codesourcery/sourcery g++ lite/bin/../lib/gcc/arm-none-eabi/4.3.2/thumb2\libgcc.a(_arm_cmpsf2.o)
                              ./release/pwm.o (__aeabi_fcmplt)
c:/program files (x86)/codesourcery/sourcery g++ lite/bin/../lib/gcc/arm-none-eabi/4.3.2/thumb2\libgcc.a(_arm_fixunssfsi.o)
                              ./release/timer_1234.o (__aeabi_f2uiz)

Allocating common symbols
Common symbol       size              file

Timer_Function      0xc               ./release/timer_1234.o

Memory Configuration

Name             Origin             Length             Attributes
FLASH            0x08000000         0x00020000         xr
RAM              0x20000000         0x00005000         rw
*default*        0x00000000         0xffffffff

Linker script and memory map

LOAD ./release/gpio.o
LOAD ./release/clock.o
LOAD ./release/timer_1234.o
LOAD ./release/adc.o
LOAD ./release/pwm.o
LOAD ./release/test_gpio.o
LOAD ./release/startup-gcc.o
LOAD c:/program files (x86)/codesourcery/sourcery g++ lite/bin/../lib/gcc/arm-none-eabi/4.3.2/../../../../arm-none-eabi/lib/thumb2\libm.a
START GROUP
LOAD c:/program files (x86)/codesourcery/sourcery g++ lite/bin/../lib/gcc/arm-none-eabi/4.3.2/thumb2\libgcc.a
LOAD c:/program files (x86)/codesourcery/sourcery g++ lite/bin/../lib/gcc/arm-none-eabi/4.3.2/../../../../arm-none-eabi/lib/thumb2\libc.a
END GROUP
START GROUP
LOAD c:/program files (x86)/codesourcery/sourcery g++ lite/bin/../lib/gcc/arm-none-eabi/4.3.2/thumb2\libgcc.a
LOAD c:/program files (x86)/codesourcery/sourcery g++ lite/bin/../lib/gcc/arm-none-eabi/4.3.2/../../../../arm-none-eabi/lib/thumb2\libc.a
LOAD c:/program files (x86)/codesourcery/sourcery g++ lite/bin/../lib/gcc/arm-none-eabi/4.3.2/../../../../arm-none-eabi/lib/thumb2\libm.a
END GROUP

.text           0x08000000     0x1784
 *(.isr_vector)
 .isr_vector    0x08000000       0xec ./release/startup-gcc.o
                0x08000000                __isr_vector
 *(.text*)
 .text          0x080000ec      0x304 ./release/gpio.o
                0x08000368                Port_IO_Blink
                0x080002bc                Port_IO_Init_Input
                0x08000394                Port_IO_Read
                0x0800019c                Port_IO_Init_Output
                0x0800030c                Port_IO_Set
                0x08000338                Port_IO_Reset
                0x0800022c                Port_IO_Init_Output_Alt
                0x080003bc                Port_IO_SetValue
                0x080000ec                GPIO_enable
 .text          0x080003f0      0x298 ./release/clock.o
                0x080004a8                CLOCK_Configure
                0x080005e8                CLOCK_GetTIMCLK
                0x08000660                CLOCK_GetPCLK2
                0x08000638                CLOCK_GetHCLK
                0x0800064c                CLOCK_GetPCLK1
                0x08000674                CLOCK_GetADCCLK
 .text          0x08000688      0x398 ./release/timer_1234.o
                0x0800078c                Timer_Active_IT
                0x08000688                Timer_1234_enable
                0x080008e4                Timer_1234_Init
                0x08000734                Timer_1234_ID
                0x0800089c                TIM4_IRQHandler
                0x08000854                TIM3_IRQHandler
                0x080009cc                Timer_1234_Poll
                0x08000814                TIM2_IRQHandler
 .text          0x08000a20       0xf8 ./release/adc.o
                0x08000aac                EOC
                0x08000ac8                DR
                0x08000a20                Init_ADC_Single_Conv
                0x08000ae4                ADC_Single_Conv
 .text          0x08000b18      0x430 ./release/pwm.o
                0x08000e10                Pwm_Cyclic_Rate
                0x08000ba0                Pwm_Configure
                0x08000e94                Pwm_Cyclic_RateF
                0x08000b18                Configure_Gpio
 .text          0x08000f48      0x1d0 ./release/test_gpio.o
                0x08000f80                On_IT_Test_PWM
                0x08001080                TEST_GPIO
                0x08001014                TEST_TIMER
                0x08000ffc                On_IT
                0x08001100                main
                0x08000f48                TEST_ADC
                0x08000f98                TEST_PWM
 .text          0x08001118       0x88 ./release/startup-gcc.o
                0x0800119c                EXTI2_IRQHandler
                0x08001196                DebugMon_Handler
                0x0800119c                TIM1_CC_IRQHandler
                0x0800118c                HardFault_Handler
                0x0800119a                SysTick_Handler
                0x0800119c                PVD_IRQHandler
                0x08001198                PendSV_Handler
                0x0800118a                NMI_Handler
                0x0800119c                EXTI3_IRQHandler
                0x0800119c                DMAChannel7_IRQHandler
                0x0800119c                EXTI0_IRQHandler
                0x0800119c                I2C2_EV_IRQHandler
                0x0800119c                DMAChannel1_IRQHandler
                0x08001192                UsageFault_Handler
                0x0800119c                SPI1_IRQHandler
                0x0800119c                TAMPER_IRQHandler
                0x0800119c                DMAChannel4_IRQHandler
                0x0800119c                USART3_IRQHandler
                0x0800119c                RTC_IRQHandler
                0x08001118                Reset_Handler
                0x0800119c                CAN1_RX1_IRQHandler
                0x0800119c                I2C1_EV_IRQHandler
                0x0800119c                RCC_IRQHandler
                0x0800119c                TIM1_TRG_COM_IRQHandler
                0x0800119c                EXTI15_10_IRQHandler
                0x0800119c                ADC_IRQHandler
                0x0800119c                DMAChannel5_IRQHandler
                0x0800119c                EXTI9_5_IRQHandler
                0x0800119c                DMAChannel2_IRQHandler
                0x0800119c                SPI2_IRQHandler
                0x0800118e                MemManage_Handler
                0x08001194                SVC_Handler
                0x0800119c                EXTI4_IRQHandler
                0x0800119c                USB_LP_CAN1_RX0_IRQHandler
                0x08001188                SystemInit
                0x0800119c                USB_HP_CAN1_TX_IRQHandler
                0x0800119c                TIM1_UP_IRQHandler
                0x0800119c                WWDG_IRQHandler
                0x0800119c                TIM1_BRK_IRQHandler
                0x0800119c                EXTI1_IRQHandler
                0x0800119c                RTCAlarm_IRQHandler
                0x0800119c                USART2_IRQHandler
                0x0800119c                I2C2_ER_IRQHandler
                0x0800119c                CAN1_SCE_IRQHandler
                0x0800119c                FLASH_IRQHandler
                0x0800119c                DMAChannel6_IRQHandler
                0x0800119c                DMAChannel3_IRQHandler
                0x08001190                BusFault_Handler
                0x0800119c                USART1_IRQHandler
                0x0800119c                I2C1_ER_IRQHandler
                0x0800119c                USBWakeUp_IRQHandler
 .text          0x080011a0      0x21c c:/program files (x86)/codesourcery/sourcery g++ lite/bin/../lib/gcc/arm-none-eabi/4.3.2/thumb2\libgcc.a(_arm_addsubsf3.o)
                0x080011ac                __aeabi_fadd
                0x080011a8                __subsf3
                0x08001314                __aeabi_i2f
                0x080011a8                __aeabi_fsub
                0x08001340                __floatdisf
                0x08001314                __floatsisf
                0x08001330                __floatundisf
                0x0800130c                __aeabi_ui2f
                0x08001340                __aeabi_l2f
                0x08001330                __aeabi_ul2f
                0x080011a0                __aeabi_frsub
                0x0800130c                __floatunsisf
                0x080011ac                __addsf3
 .text          0x080013bc      0x2a0 c:/program files (x86)/codesourcery/sourcery g++ lite/bin/../lib/gcc/arm-none-eabi/4.3.2/thumb2\libgcc.a(_arm_muldivsf3.o)
                0x08001524                __divsf3
                0x08001524                __aeabi_fdiv
                0x080013bc                __mulsf3
                0x080013bc                __aeabi_fmul
 .text          0x0800165c       0xe8 c:/program files (x86)/codesourcery/sourcery g++ lite/bin/../lib/gcc/arm-none-eabi/4.3.2/thumb2\libgcc.a(_arm_cmpsf2.o)
                0x08001730                __aeabi_fcmpgt
                0x08001664                __lesf2
                0x0800166c                __nesf2
                0x0800171c                __aeabi_fcmpge
                0x0800165c                __gtsf2
                0x08001708                __aeabi_fcmple
                0x0800166c                __eqsf2
                0x0800166c                __cmpsf2
                0x08001664                __ltsf2
                0x080016d0                __aeabi_cfcmple
                0x0800165c                __gesf2
                0x080016e0                __aeabi_fcmpeq
                0x080016c8                __aeabi_cfrcmple
                0x080016f4                __aeabi_fcmplt
                0x080016d0                __aeabi_cfcmpeq
 .text          0x08001744       0x40 c:/program files (x86)/codesourcery/sourcery g++ lite/bin/../lib/gcc/arm-none-eabi/4.3.2/thumb2\libgcc.a(_arm_fixunssfsi.o)
                0x08001744                __aeabi_f2uiz
                0x08001744                __fixunssfsi
 *(.init)
 *(.fini)
 *crtbegin.o(.ctors)
 *crtbegin?.o(.ctors)
 *(EXCLUDE_FILE(*crtend.o *crtend?.o) .ctors)
 *(SORT(.ctors.*))
 *(.ctors)
 *crtbegin.o(.dtors)
 *crtbegin?.o(.dtors)
 *(EXCLUDE_FILE(*crtend.o *crtend?.o) .dtors)
 *(SORT(.dtors.*))
 *(.dtors)
 *(.rodata*)
 *(.eh_frame*)

.glue_7         0x08001784        0x0
 .glue_7        0x08001784        0x0 ./release/gpio.o
 .glue_7        0x08001784        0x0 ./release/clock.o
 .glue_7        0x08001784        0x0 ./release/timer_1234.o
 .glue_7        0x08001784        0x0 ./release/adc.o
 .glue_7        0x08001784        0x0 ./release/pwm.o
 .glue_7        0x08001784        0x0 ./release/test_gpio.o
 .glue_7        0x08001784        0x0 ./release/startup-gcc.o
 .glue_7        0x08001784        0x0 c:/program files (x86)/codesourcery/sourcery g++ lite/bin/../lib/gcc/arm-none-eabi/4.3.2/thumb2\libgcc.a(_arm_addsubsf3.o)
 .glue_7        0x08001784        0x0 c:/program files (x86)/codesourcery/sourcery g++ lite/bin/../lib/gcc/arm-none-eabi/4.3.2/thumb2\libgcc.a(_arm_muldivsf3.o)
 .glue_7        0x08001784        0x0 c:/program files (x86)/codesourcery/sourcery g++ lite/bin/../lib/gcc/arm-none-eabi/4.3.2/thumb2\libgcc.a(_arm_cmpsf2.o)
 .glue_7        0x08001784        0x0 c:/program files (x86)/codesourcery/sourcery g++ lite/bin/../lib/gcc/arm-none-eabi/4.3.2/thumb2\libgcc.a(_arm_fixunssfsi.o)

.glue_7t        0x08001784        0x0
 .glue_7t       0x08001784        0x0 ./release/gpio.o
 .glue_7t       0x08001784        0x0 ./release/clock.o
 .glue_7t       0x08001784        0x0 ./release/timer_1234.o
 .glue_7t       0x08001784        0x0 ./release/adc.o
 .glue_7t       0x08001784        0x0 ./release/pwm.o
 .glue_7t       0x08001784        0x0 ./release/test_gpio.o
 .glue_7t       0x08001784        0x0 ./release/startup-gcc.o
 .glue_7t       0x08001784        0x0 c:/program files (x86)/codesourcery/sourcery g++ lite/bin/../lib/gcc/arm-none-eabi/4.3.2/thumb2\libgcc.a(_arm_addsubsf3.o)
 .glue_7t       0x08001784        0x0 c:/program files (x86)/codesourcery/sourcery g++ lite/bin/../lib/gcc/arm-none-eabi/4.3.2/thumb2\libgcc.a(_arm_muldivsf3.o)
 .glue_7t       0x08001784        0x0 c:/program files (x86)/codesourcery/sourcery g++ lite/bin/../lib/gcc/arm-none-eabi/4.3.2/thumb2\libgcc.a(_arm_cmpsf2.o)
 .glue_7t       0x08001784        0x0 c:/program files (x86)/codesourcery/sourcery g++ lite/bin/../lib/gcc/arm-none-eabi/4.3.2/thumb2\libgcc.a(_arm_fixunssfsi.o)

.vfp11_veneer   0x08001784        0x0
 .vfp11_veneer  0x08001784        0x0 ./release/gpio.o
 .vfp11_veneer  0x08001784        0x0 ./release/clock.o
 .vfp11_veneer  0x08001784        0x0 ./release/timer_1234.o
 .vfp11_veneer  0x08001784        0x0 ./release/adc.o
 .vfp11_veneer  0x08001784        0x0 ./release/pwm.o
 .vfp11_veneer  0x08001784        0x0 ./release/test_gpio.o
 .vfp11_veneer  0x08001784        0x0 ./release/startup-gcc.o
 .vfp11_veneer  0x08001784        0x0 c:/program files (x86)/codesourcery/sourcery g++ lite/bin/../lib/gcc/arm-none-eabi/4.3.2/thumb2\libgcc.a(_arm_addsubsf3.o)
 .vfp11_veneer  0x08001784        0x0 c:/program files (x86)/codesourcery/sourcery g++ lite/bin/../lib/gcc/arm-none-eabi/4.3.2/thumb2\libgcc.a(_arm_muldivsf3.o)
 .vfp11_veneer  0x08001784        0x0 c:/program files (x86)/codesourcery/sourcery g++ lite/bin/../lib/gcc/arm-none-eabi/4.3.2/thumb2\libgcc.a(_arm_cmpsf2.o)
 .vfp11_veneer  0x08001784        0x0 c:/program files (x86)/codesourcery/sourcery g++ lite/bin/../lib/gcc/arm-none-eabi/4.3.2/thumb2\libgcc.a(_arm_fixunssfsi.o)

.janus_2cc_veneer
                0x08001784        0x0
 .janus_2cc_veneer
                0x08001784        0x0 ./release/gpio.o
 .janus_2cc_veneer
                0x08001784        0x0 ./release/clock.o
 .janus_2cc_veneer
                0x08001784        0x0 ./release/timer_1234.o
 .janus_2cc_veneer
                0x08001784        0x0 ./release/adc.o
 .janus_2cc_veneer
                0x08001784        0x0 ./release/pwm.o
 .janus_2cc_veneer
                0x08001784        0x0 ./release/test_gpio.o
 .janus_2cc_veneer
                0x08001784        0x0 ./release/startup-gcc.o
 .janus_2cc_veneer
                0x08001784        0x0 c:/program files (x86)/codesourcery/sourcery g++ lite/bin/../lib/gcc/arm-none-eabi/4.3.2/thumb2\libgcc.a(_arm_addsubsf3.o)
 .janus_2cc_veneer
                0x08001784        0x0 c:/program files (x86)/codesourcery/sourcery g++ lite/bin/../lib/gcc/arm-none-eabi/4.3.2/thumb2\libgcc.a(_arm_muldivsf3.o)
 .janus_2cc_veneer
                0x08001784        0x0 c:/program files (x86)/codesourcery/sourcery g++ lite/bin/../lib/gcc/arm-none-eabi/4.3.2/thumb2\libgcc.a(_arm_cmpsf2.o)
 .janus_2cc_veneer
                0x08001784        0x0 c:/program files (x86)/codesourcery/sourcery g++ lite/bin/../lib/gcc/arm-none-eabi/4.3.2/thumb2\libgcc.a(_arm_fixunssfsi.o)

.v4_bx          0x08001784        0x0
 .v4_bx         0x08001784        0x0 ./release/gpio.o
 .v4_bx         0x08001784        0x0 ./release/clock.o
 .v4_bx         0x08001784        0x0 ./release/timer_1234.o
 .v4_bx         0x08001784        0x0 ./release/adc.o
 .v4_bx         0x08001784        0x0 ./release/pwm.o
 .v4_bx         0x08001784        0x0 ./release/test_gpio.o
 .v4_bx         0x08001784        0x0 ./release/startup-gcc.o
 .v4_bx         0x08001784        0x0 c:/program files (x86)/codesourcery/sourcery g++ lite/bin/../lib/gcc/arm-none-eabi/4.3.2/thumb2\libgcc.a(_arm_addsubsf3.o)
 .v4_bx         0x08001784        0x0 c:/program files (x86)/codesourcery/sourcery g++ lite/bin/../lib/gcc/arm-none-eabi/4.3.2/thumb2\libgcc.a(_arm_muldivsf3.o)
 .v4_bx         0x08001784        0x0 c:/program files (x86)/codesourcery/sourcery g++ lite/bin/../lib/gcc/arm-none-eabi/4.3.2/thumb2\libgcc.a(_arm_cmpsf2.o)
 .v4_bx         0x08001784        0x0 c:/program files (x86)/codesourcery/sourcery g++ lite/bin/../lib/gcc/arm-none-eabi/4.3.2/thumb2\libgcc.a(_arm_fixunssfsi.o)

.ARM.extab
 *(.ARM.extab* .gnu.linkonce.armextab.*)
                0x08001784                __exidx_start = .

.ARM.exidx
 *(.ARM.exidx* .gnu.linkonce.armexidx.*)
                0x08001784                __exidx_end = .
                0x08001784                __etext = .

.data           0x20000000        0x0 load address 0x08001784
                0x20000000                __data_start__ = .
 *(vtable)
 *(.data*)
 .data          0x20000000        0x0 ./release/gpio.o
 .data          0x20000000        0x0 ./release/clock.o
 .data          0x20000000        0x0 ./release/timer_1234.o
 .data          0x20000000        0x0 ./release/adc.o
 .data          0x20000000        0x0 ./release/pwm.o
 .data          0x20000000        0x0 ./release/test_gpio.o
 .data          0x20000000        0x0 ./release/startup-gcc.o
 .data          0x20000000        0x0 c:/program files (x86)/codesourcery/sourcery g++ lite/bin/../lib/gcc/arm-none-eabi/4.3.2/thumb2\libgcc.a(_arm_addsubsf3.o)
 .data          0x20000000        0x0 c:/program files (x86)/codesourcery/sourcery g++ lite/bin/../lib/gcc/arm-none-eabi/4.3.2/thumb2\libgcc.a(_arm_muldivsf3.o)
 .data          0x20000000        0x0 c:/program files (x86)/codesourcery/sourcery g++ lite/bin/../lib/gcc/arm-none-eabi/4.3.2/thumb2\libgcc.a(_arm_cmpsf2.o)
 .data          0x20000000        0x0 c:/program files (x86)/codesourcery/sourcery g++ lite/bin/../lib/gcc/arm-none-eabi/4.3.2/thumb2\libgcc.a(_arm_fixunssfsi.o)
                0x20000000                . = ALIGN (0x4)
                0x20000000                PROVIDE (__preinit_array_start, .)
 *(.preinit_array)
                0x20000000                PROVIDE (__preinit_array_end, .)
                0x20000000                . = ALIGN (0x4)
                0x20000000                PROVIDE (__init_array_start, .)
 *(SORT(.init_array.*))
 *(.init_array)
                0x20000000                PROVIDE (__init_array_end, .)
                0x20000000                . = ALIGN (0x4)
                0x20000000                PROVIDE (__fini_array_start, .)
 *(SORT(.fini_array.*))
 *(.fini_array)
                0x20000000                PROVIDE (__fini_array_end, .)
                0x20000000                . = ALIGN (0x4)
                0x20000000                __data_end__ = .

.bss            0x20000000        0xc load address 0x08001784
                0x20000000                __bss_start__ = .
 *(.bss*)
 .bss           0x20000000        0x0 ./release/gpio.o
 .bss           0x20000000        0x0 ./release/clock.o
 .bss           0x20000000        0x0 ./release/timer_1234.o
 .bss           0x20000000        0x0 ./release/adc.o
 .bss           0x20000000        0x0 ./release/pwm.o
 .bss           0x20000000        0x0 ./release/test_gpio.o
 .bss           0x20000000        0x0 ./release/startup-gcc.o
 .bss           0x20000000        0x0 c:/program files (x86)/codesourcery/sourcery g++ lite/bin/../lib/gcc/arm-none-eabi/4.3.2/thumb2\libgcc.a(_arm_addsubsf3.o)
 .bss           0x20000000        0x0 c:/program files (x86)/codesourcery/sourcery g++ lite/bin/../lib/gcc/arm-none-eabi/4.3.2/thumb2\libgcc.a(_arm_muldivsf3.o)
 .bss           0x20000000        0x0 c:/program files (x86)/codesourcery/sourcery g++ lite/bin/../lib/gcc/arm-none-eabi/4.3.2/thumb2\libgcc.a(_arm_cmpsf2.o)
 .bss           0x20000000        0x0 c:/program files (x86)/codesourcery/sourcery g++ lite/bin/../lib/gcc/arm-none-eabi/4.3.2/thumb2\libgcc.a(_arm_fixunssfsi.o)
 *(COMMON)
 COMMON         0x20000000        0xc ./release/timer_1234.o
                0x20000000                Timer_Function
                0x2000000c                __bss_end__ = .

.heap           0x20000010      0x800
                0x20000010                __end__ = .
                0x20000010                end = __end__
                0x20000010                _end = __end__
 *(.heap*)
 .heap          0x20000010      0x800 ./release/startup-gcc.o
                0x20000010                __HeapBase
                0x20000810                __HeapLimit = .

.stack_dummy    0x20000810      0xc00
 *(.stack)
 .stack         0x20000810      0xc00 ./release/startup-gcc.o
                0x20005000                __StackTop = 0x20005000
                0x20004400                __StackLimit = (__StackTop - SIZEOF (.stack_dummy))
                0x20005000                PROVIDE (__stack, __StackTop)
                0x00000001                ASSERT ((__StackLimit >= __HeapLimit), region RAM overflowed with stack)
OUTPUT(./release/TP_GPIO.elf elf32-littlearm)

.debug_abbrev   0x00000000      0x670
 .debug_abbrev  0x00000000       0xe5 ./release/gpio.o
 .debug_abbrev  0x000000e5      0x111 ./release/clock.o
 .debug_abbrev  0x000001f6      0x167 ./release/timer_1234.o
 .debug_abbrev  0x0000035d      0x10d ./release/adc.o
 .debug_abbrev  0x0000046a       0xdf ./release/pwm.o
 .debug_abbrev  0x00000549      0x113 ./release/test_gpio.o
 .debug_abbrev  0x0000065c       0x14 ./release/startup-gcc.o

.debug_info     0x00000000     0x1f23
 .debug_info    0x00000000      0x3d4 ./release/gpio.o
 .debug_info    0x000003d4      0x53d ./release/clock.o
 .debug_info    0x00000911      0x6ec ./release/timer_1234.o
 .debug_info    0x00000ffd      0x35c ./release/adc.o
 .debug_info    0x00001359      0x4d6 ./release/pwm.o
 .debug_info    0x0000182f      0x663 ./release/test_gpio.o
 .debug_info    0x00001e92       0x91 ./release/startup-gcc.o

.debug_line     0x00000000      0x88a
 .debug_line    0x00000000      0x158 ./release/gpio.o
 .debug_line    0x00000158      0x154 ./release/clock.o
 .debug_line    0x000002ac      0x16b ./release/timer_1234.o
 .debug_line    0x00000417      0x135 ./release/adc.o
 .debug_line    0x0000054c      0x16b ./release/pwm.o
 .debug_line    0x000006b7      0x13f ./release/test_gpio.o
 .debug_line    0x000007f6       0x94 ./release/startup-gcc.o

.debug_frame    0x00000000      0x4d8
 .debug_frame   0x00000000      0x11c ./release/gpio.o
 .debug_frame   0x0000011c       0xc8 ./release/clock.o
 .debug_frame   0x000001e4      0x104 ./release/timer_1234.o
 .debug_frame   0x000002e8       0x84 ./release/adc.o
 .debug_frame   0x0000036c       0x8c ./release/pwm.o
 .debug_frame   0x000003f8       0xe0 ./release/test_gpio.o

.debug_loc      0x00000000      0x803
 .debug_loc     0x00000000      0x1ef ./release/gpio.o
 .debug_loc     0x000001ef      0x145 ./release/clock.o
 .debug_loc     0x00000334      0x1b8 ./release/timer_1234.o
 .debug_loc     0x000004ec       0xdc ./release/adc.o
 .debug_loc     0x000005c8       0xde ./release/pwm.o
 .debug_loc     0x000006a6      0x15d ./release/test_gpio.o

.debug_pubnames
                0x00000000      0x32f
 .debug_pubnames
                0x00000000       0xc7 ./release/gpio.o
 .debug_pubnames
                0x000000c7       0x86 ./release/clock.o
 .debug_pubnames
                0x0000014d       0xc5 ./release/timer_1234.o
 .debug_pubnames
                0x00000212       0x4e ./release/adc.o
 .debug_pubnames
                0x00000260       0x60 ./release/pwm.o
 .debug_pubnames
                0x000002c0       0x6f ./release/test_gpio.o

.debug_aranges  0x00000000       0xe0
 .debug_aranges
                0x00000000       0x20 ./release/gpio.o
 .debug_aranges
                0x00000020       0x20 ./release/clock.o
 .debug_aranges
                0x00000040       0x20 ./release/timer_1234.o
 .debug_aranges
                0x00000060       0x20 ./release/adc.o
 .debug_aranges
                0x00000080       0x20 ./release/pwm.o
 .debug_aranges
                0x000000a0       0x20 ./release/test_gpio.o
 .debug_aranges
                0x000000c0       0x20 ./release/startup-gcc.o

.debug_str      0x00000000      0x5de
 .debug_str     0x00000000      0x1ab ./release/gpio.o
                                0x1f2 (size before relaxing)
 .debug_str     0x000001ab      0x1c0 ./release/clock.o
                                0x2d6 (size before relaxing)
 .debug_str     0x0000036b      0x129 ./release/timer_1234.o
                                0x35c (size before relaxing)
 .debug_str     0x00000494       0x8d ./release/adc.o
                                0x1bf (size before relaxing)
 .debug_str     0x00000521       0x65 ./release/pwm.o
                                0x27b (size before relaxing)
 .debug_str     0x00000586       0x58 ./release/test_gpio.o
                                0x2d3 (size before relaxing)

.comment        0x00000000       0xfc
 .comment       0x00000000       0x2a ./release/gpio.o
 .comment       0x0000002a       0x2a ./release/clock.o
 .comment       0x00000054       0x2a ./release/timer_1234.o
 .comment       0x0000007e       0x2a ./release/adc.o
 .comment       0x000000a8       0x2a ./release/pwm.o
 .comment       0x000000d2       0x2a ./release/test_gpio.o

.ARM.attributes
                0x00000000       0x31
 .ARM.attributes
                0x00000000       0x31 ./release/gpio.o
 .ARM.attributes
                0x00000031       0x31 ./release/clock.o
 .ARM.attributes
                0x00000062       0x31 ./release/timer_1234.o
 .ARM.attributes
                0x00000093       0x31 ./release/adc.o
 .ARM.attributes
                0x000000c4       0x31 ./release/pwm.o
 .ARM.attributes
                0x000000f5       0x31 ./release/test_gpio.o
 .ARM.attributes
                0x00000126       0x21 ./release/startup-gcc.o
 .ARM.attributes
                0x00000147       0x17 c:/program files (x86)/codesourcery/sourcery g++ lite/bin/../lib/gcc/arm-none-eabi/4.3.2/thumb2\libgcc.a(_arm_addsubsf3.o)
 .ARM.attributes
                0x0000015e       0x17 c:/program files (x86)/codesourcery/sourcery g++ lite/bin/../lib/gcc/arm-none-eabi/4.3.2/thumb2\libgcc.a(_arm_muldivsf3.o)
 .ARM.attributes
                0x00000175       0x17 c:/program files (x86)/codesourcery/sourcery g++ lite/bin/../lib/gcc/arm-none-eabi/4.3.2/thumb2\libgcc.a(_arm_cmpsf2.o)
 .ARM.attributes
                0x0000018c       0x17 c:/program files (x86)/codesourcery/sourcery g++ lite/bin/../lib/gcc/arm-none-eabi/4.3.2/thumb2\libgcc.a(_arm_fixunssfsi.o)
